2026-05-14 20:26:03 INFO  org.example.server.ServerMain -  Music Band Server Starting...
2026-05-14 20:26:03 INFO  org.example.server.ServerMain - Port: 12345
2026-05-14 20:26:03 INFO  org.example.server.ServerMain - Data File: bands.json
2026-05-14 20:26:03 INFO  org.example.server.ServerMain - Mode: Single-thread, UDP, Non-blocking
2026-05-14 20:26:03 INFO  org.example.server.ServerMain -  Server Ready! Waiting for client connections...
2026-05-15 00:16:05 INFO  org.example.server.ServerMain -  Music Band Server Starting...
2026-05-15 00:16:05 INFO  org.example.server.ServerMain - Port: 12345
2026-05-15 00:16:05 INFO  org.example.server.ServerMain - Data File: bands.json
2026-05-15 00:16:05 INFO  org.example.server.ServerMain - Mode: Single-thread, UDP, Non-blocking
2026-05-15 00:16:05 INFO  o.example.server.ConnectionReceiver -  Connection Receiver listening on port 12345
2026-05-15 00:16:05 INFO  org.example.server.ServerMain -  Server Ready! Waiting for client connections...
2026-05-15 00:28:57 INFO  org.example.server.ServerMain -  Music Band Server Starting...
2026-05-15 00:28:57 INFO  org.example.server.ServerMain - Port: 12345
2026-05-15 00:28:57 INFO  org.example.server.ServerMain - Data File: bands.json
2026-05-15 00:28:57 INFO  org.example.server.ServerMain - Mode: Single-thread, UDP, Non-blocking
2026-05-15 00:28:57 INFO  o.example.server.ConnectionReceiver -  Connection Receiver listening on port 12345
2026-05-15 00:28:57 INFO  org.example.server.ServerMain -  Server Ready! Waiting for client connections...
2026-05-15 00:29:28 INFO  o.example.server.ConnectionReceiver -  Received command: help
2026-05-15 00:29:28 INFO  org.example.server.ServerMain -  Receiver request: help from client
2026-05-15 00:29:28 INFO  org.example.server.ResponseSender -  Sent response to client
2026-05-15 00:29:28 INFO  org.example.server.ServerMain -  Sent response to client
2026-05-15 00:31:03 INFO  o.example.server.ConnectionReceiver -  Received command: info
2026-05-15 00:31:03 INFO  org.example.server.ServerMain -  Receiver request: info from client
2026-05-15 00:31:03 INFO  org.example.server.ResponseSender -  Sent response to client
2026-05-15 00:31:03 INFO  org.example.server.ServerMain -  Sent response to client
2026-05-15 07:54:23 INFO  o.example.server.ConnectionReceiver -  Received command: show
2026-05-15 07:54:23 INFO  org.example.server.ServerMain -  Receiver request: show from client
2026-05-15 07:54:23 INFO  org.example.server.ResponseSender -  Sent response to client
2026-05-15 07:54:23 INFO  org.example.server.ServerMain -  Sent response to client
2026-05-15 08:56:06 INFO  o.example.server.ConnectionReceiver -  Received command: help
2026-05-15 08:56:06 INFO  org.example.server.ServerMain -  Receiver request: help from client
2026-05-15 08:56:06 INFO  org.example.server.ResponseSender -  Sent response to client
2026-05-15 08:56:06 INFO  org.example.server.ServerMain -  Sent response to client
2026-05-15 08:58:40 INFO  o.example.server.ConnectionReceiver -  Received command: info
2026-05-15 08:58:40 INFO  org.example.server.ServerMain -  Receiver request: info from client
2026-05-15 08:58:40 INFO  org.example.server.ResponseSender -  Sent response to client
2026-05-15 08:58:40 INFO  org.example.server.ServerMain -  Sent response to client
2026-05-15 08:58:43 INFO  o.example.server.ConnectionReceiver -  Received command: show
2026-05-15 08:58:43 INFO  org.example.server.ServerMain -  Receiver request: show from client
2026-05-15 08:58:43 INFO  org.example.server.ResponseSender -  Sent response to client
2026-05-15 08:58:43 INFO  org.example.server.ServerMain -  Sent response to client
2026-05-15 08:59:20 INFO  o.example.server.ConnectionReceiver -  Received command: insert
2026-05-15 08:59:20 INFO  org.example.server.ServerMain -  Receiver request: insert from client
2026-05-15 08:59:20 INFO  org.example.server.ResponseSender -  Sent response to client
2026-05-15 08:59:20 INFO  org.example.server.ServerMain -  Sent response to client
2026-05-15 09:00:03 INFO  o.example.server.ConnectionReceiver -  Received command: insert
2026-05-15 09:00:03 INFO  org.example.server.ServerMain -  Receiver request: insert from client
2026-05-15 09:00:03 INFO  org.example.server.ResponseSender -  Sent response to client
2026-05-15 09:00:03 INFO  org.example.server.ServerMain -  Sent response to client
2026-05-15 09:00:32 INFO  o.example.server.ConnectionReceiver -  Received command: insert
2026-05-15 09:00:32 INFO  org.example.server.ServerMain -  Receiver request: insert from client
2026-05-15 09:00:32 INFO  org.example.server.ResponseSender -  Sent response to client
2026-05-15 09:00:32 INFO  org.example.server.ServerMain -  Sent response to client
2026-05-15 09:01:31 INFO  o.example.server.ConnectionReceiver -  Received command: insert
2026-05-15 09:01:31 INFO  org.example.server.ServerMain -  Receiver request: insert from client
2026-05-15 09:01:31 INFO  org.example.server.ResponseSender -  Sent response to client
2026-05-15 09:01:31 INFO  org.example.server.ServerMain -  Sent response to client
2026-05-15 11:06:51 INFO  org.example.server.ServerMain -  Music Band Server Starting...
2026-05-15 11:06:51 INFO  org.example.server.ServerMain - Port: 12345
2026-05-15 11:06:51 INFO  org.example.server.ServerMain - Data File: bands.json
2026-05-15 11:06:51 INFO  org.example.server.ServerMain - Mode: Single-thread, UDP, Non-blocking
2026-05-15 11:06:51 INFO  o.example.server.ConnectionReceiver -  Connection Receiver listening on port 12345
2026-05-15 11:06:51 INFO  org.example.server.ServerMain -  Server Ready! Waiting for client connections...
2026-05-15 18:50:58 INFO  org.example.server.ServerMain -  Music Band Server Starting...
2026-05-15 18:50:58 INFO  org.example.server.ServerMain - Port: 12345
2026-05-15 18:50:58 INFO  org.example.server.ServerMain - Data File: bands.json
2026-05-15 18:50:58 INFO  org.example.server.ServerMain - Mode: Single-thread, UDP, Non-blocking
2026-05-15 18:50:58 ERROR org.example.server.ServerMain - ❌ Network Error: Address already in use: bind
java.net.BindException: Address already in use: bind
	at java.base/sun.nio.ch.Net.bind0(Native Method)
	at java.base/sun.nio.ch.Net.bind(Net.java:552)
	at java.base/sun.nio.ch.DatagramChannelImpl.bindInternal(DatagramChannelImpl.java:1189)
	at java.base/sun.nio.ch.DatagramChannelImpl.bind(DatagramChannelImpl.java:1160)
	at org.example.server.ConnectionReceiver.<init>(ConnectionReceiver.java:24)
	at org.example.server.ServerMain.main(ServerMain.java:29)
	at org.example.Main.main(Main.java:18)
2026-05-15 18:50:58 ERROR org.example.server.ServerMain -  Hint: Is Port 12345 already in use?
2026-05-15 18:50:58 INFO  org.example.server.ServerMain -  Saving collection before shutdown...
2026-05-15 18:50:58 INFO  org.example.server.ServerMain -  Server terminated. Goodbye!
2026-05-15 18:53:42 INFO  o.example.server.ConnectionReceiver -  Received command: help
2026-05-15 18:53:42 INFO  org.example.server.ServerMain -  Receiver request: help from client
2026-05-15 18:53:42 INFO  org.example.server.ResponseSender -  Sent response to client
2026-05-15 18:53:42 INFO  org.example.server.ServerMain -  Sent response to client
2026-05-15 18:55:31 INFO  o.example.server.ConnectionReceiver -  Received command: insert
2026-05-15 18:55:31 INFO  org.example.server.ServerMain -  Receiver request: insert from client
2026-05-15 18:55:31 INFO  org.example.server.ResponseSender -  Sent response to client
2026-05-15 18:55:31 INFO  org.example.server.ServerMain -  Sent response to client
2026-05-15 18:56:16 INFO  o.example.server.ConnectionReceiver -  Received command: insert
2026-05-15 18:56:16 INFO  org.example.server.ServerMain -  Receiver request: insert from client
2026-05-15 18:56:16 INFO  org.example.server.ResponseSender -  Sent response to client
2026-05-15 18:56:16 INFO  org.example.server.ServerMain -  Sent response to client
2026-05-16 09:56:41 INFO  org.example.server.ServerMain -  Music Band Server Starting...
2026-05-16 09:56:41 INFO  org.example.server.ServerMain - Port: 12345
2026-05-16 09:56:41 INFO  org.example.server.ServerMain - Data File: bands.json
2026-05-16 09:56:41 INFO  org.example.server.ServerMain - Mode: Single-thread, UDP, Non-blocking
2026-05-16 09:56:41 ERROR org.example.server.ServerMain - ❌ Network Error: Address already in use: bind
java.net.BindException: Address already in use: bind
	at java.base/sun.nio.ch.Net.bind0(Native Method)
	at java.base/sun.nio.ch.Net.bind(Net.java:552)
	at java.base/sun.nio.ch.DatagramChannelImpl.bindInternal(DatagramChannelImpl.java:1189)
	at java.base/sun.nio.ch.DatagramChannelImpl.bind(DatagramChannelImpl.java:1160)
	at org.example.server.ConnectionReceiver.<init>(ConnectionReceiver.java:24)
	at org.example.server.ServerMain.main(ServerMain.java:29)
	at org.example.Main.main(Main.java:18)
2026-05-16 09:56:41 ERROR org.example.server.ServerMain -  Hint: Is Port 12345 already in use?
2026-05-16 09:56:41 INFO  org.example.server.ServerMain -  Saving collection before shutdown...
2026-05-16 09:56:41 INFO  org.example.server.ServerMain -  Server terminated. Goodbye!
2026-05-16 09:59:26 INFO  o.example.server.ConnectionReceiver -  Received command: insert
2026-05-16 09:59:26 INFO  org.example.server.ServerMain -  Receiver request: insert from client
2026-05-16 09:59:26 INFO  org.example.server.ResponseSender -  Sent response to client
2026-05-16 09:59:26 INFO  org.example.server.ServerMain -  Sent response to client
2026-05-16 10:00:26 INFO  o.example.server.ConnectionReceiver -  Received command: insert
2026-05-16 10:00:26 INFO  org.example.server.ServerMain -  Receiver request: insert from client
2026-05-16 10:00:26 INFO  org.example.server.ResponseSender -  Sent response to client
2026-05-16 10:00:26 INFO  org.example.server.ServerMain -  Sent response to client
2026-05-16 10:02:38 INFO  o.example.server.ConnectionReceiver -  Received command: clear
2026-05-16 10:02:38 INFO  org.example.server.ServerMain -  Receiver request: clear from client
2026-05-16 10:02:38 INFO  org.example.server.ResponseSender -  Sent response to client
2026-05-16 10:02:38 INFO  org.example.server.ServerMain -  Sent response to client
2026-05-16 10:02:51 INFO  o.example.server.ConnectionReceiver -  Received command: show
2026-05-16 10:02:51 INFO  org.example.server.ServerMain -  Receiver request: show from client
2026-05-16 10:02:51 INFO  org.example.server.ResponseSender -  Sent response to client
2026-05-16 10:02:51 INFO  org.example.server.ServerMain -  Sent response to client
2026-05-17 03:45:45 INFO  org.example.server.ServerMain -  Music Band Server Starting...
2026-05-17 03:45:45 INFO  org.example.server.ServerMain - Port: 12345
2026-05-17 03:45:45 INFO  org.example.server.ServerMain - Data File: bands.json
2026-05-17 03:45:45 INFO  org.example.server.ServerMain - Mode: Single-thread, UDP, Non-blocking
2026-05-17 03:45:45 INFO  o.example.server.ConnectionReceiver -  Connection Receiver listening on port 12345
2026-05-17 03:45:45 INFO  org.example.server.ServerMain -  Server Ready! Waiting for client connections...
2026-05-17 03:46:16 INFO  org.example.server.ServerMain -  Music Band Server Starting...
2026-05-17 03:46:16 INFO  org.example.server.ServerMain - Port: 12345
2026-05-17 03:46:16 INFO  org.example.server.ServerMain - Data File: bands.json
2026-05-17 03:46:16 INFO  org.example.server.ServerMain - Mode: Single-thread, UDP, Non-blocking
2026-05-17 03:46:16 INFO  o.example.server.ConnectionReceiver -  Connection Receiver listening on port 12345
2026-05-17 03:46:16 INFO  org.example.server.ServerMain -  Server Ready! Waiting for client connections...
2026-05-17 04:21:29 INFO  org.example.server.ServerMain -  Music Band Server Starting...
2026-05-17 04:21:29 INFO  org.example.server.ServerMain - Port: 12345
2026-05-17 04:21:29 INFO  org.example.server.ServerMain - Data File: bands.json
2026-05-17 04:21:29 INFO  org.example.server.ServerMain - Mode: Single-thread, UDP, Non-blocking
2026-05-17 04:21:29 INFO  o.example.server.ConnectionReceiver -  Connection Receiver listening on port 12345
2026-05-17 04:21:29 INFO  org.example.server.ServerMain -  Server Ready! Waiting for client connections...
2026-05-17 05:00:47 INFO  org.example.server.ServerMain -  Music Band Server Starting...
2026-05-17 05:00:47 INFO  org.example.server.ServerMain - Port: 12345
2026-05-17 05:00:47 INFO  org.example.server.ServerMain - Data File: bands.json
2026-05-17 05:00:47 INFO  org.example.server.ServerMain - Mode: Single-thread, UDP, Non-blocking
2026-05-17 05:00:47 INFO  o.example.server.ConnectionReceiver -  Connection Receiver listening on port 12345
2026-05-17 05:00:47 INFO  org.example.server.ServerMain -  Server Ready! Waiting for client connections...
2026-05-17 05:01:07 INFO  o.example.server.ConnectionReceiver -  Received command: info
2026-05-17 05:01:07 INFO  org.example.server.ServerMain -  Receiver request: info from client
2026-05-17 05:01:07 DEBUG org.example.server.ResponseSender -  SenderResponse() called
2026-05-17 05:01:07 DEBUG org.example.server.ResponseSender -  channel.send() completed to /127.0.0.1:50538
2026-05-17 05:01:07 INFO  org.example.server.ResponseSender -  Sent response to client
2026-05-17 05:01:07 INFO  org.example.server.ServerMain -  Sent response to client
2026-05-17 05:01:07 DEBUG org.example.client.ResponseHandler -  DEBUG: handleResponse called with response=Response{success=true, message='Initialization date: 2026-05-17T05:00:47.028255700
Number of elements: 0', data=null, band=null}
2026-05-17 05:01:07 DEBUG org.example.client.ResponseHandler - 🔍 response.success=true
2026-05-17 05:01:07 DEBUG org.example.client.ResponseHandler - 🔍 response.message=Initialization date: 2026-05-17T05:00:47.028255700
Number of elements: 0
2026-05-17 05:06:48 INFO  org.example.server.ServerMain -  Music Band Server Starting...
2026-05-17 05:06:48 INFO  org.example.server.ServerMain - Port: 12345
2026-05-17 05:06:48 INFO  org.example.server.ServerMain - Data File: bands.json
2026-05-17 05:06:48 INFO  org.example.server.ServerMain - Mode: Single-thread, UDP, Non-blocking
2026-05-17 05:06:48 INFO  o.example.server.ConnectionReceiver -  Connection Receiver listening on port 12345
2026-05-17 05:06:48 INFO  org.example.server.ServerMain -  Server Ready! Waiting for client connections...
2026-05-17 05:07:08 INFO  o.example.server.ConnectionReceiver -  Received command: info
2026-05-17 05:07:08 INFO  org.example.server.ServerMain -  Receiver request: info from client
2026-05-17 05:07:08 DEBUG org.example.server.ResponseSender -  SenderResponse() called
2026-05-17 05:07:08 DEBUG org.example.server.ResponseSender -  channel.send() completed to /127.0.0.1:57112
2026-05-17 05:07:08 INFO  org.example.server.ResponseSender -  Sent response to client
2026-05-17 05:07:08 INFO  org.example.server.ServerMain -  Sent response to client
2026-05-17 05:07:08 DEBUG org.example.client.ResponseHandler -  DEBUG: handleResponse called with response=Response{success=true, message='Initialization date: 2026-05-17T05:06:48.421266600
Number of elements: 0', data=null, band=null}
2026-05-17 05:07:08 DEBUG org.example.client.ResponseHandler - 🔍 response.success=true
2026-05-17 05:07:08 DEBUG org.example.client.ResponseHandler - 🔍 response.message=Initialization date: 2026-05-17T05:06:48.421266600
Number of elements: 0
2026-05-17 05:07:13 INFO  o.example.server.ConnectionReceiver -  Received command: help
2026-05-17 05:07:13 INFO  org.example.server.ServerMain -  Receiver request: help from client
2026-05-17 05:07:13 DEBUG org.example.server.ResponseSender -  SenderResponse() called
2026-05-17 05:07:13 DEBUG org.example.server.ResponseSender -  channel.send() completed to /127.0.0.1:57112
2026-05-17 05:07:13 INFO  org.example.server.ResponseSender -  Sent response to client
2026-05-17 05:07:13 INFO  org.example.server.ServerMain -  Sent response to client
2026-05-17 05:07:13 DEBUG org.example.client.ResponseHandler -  DEBUG: handleResponse called with response=Response{success=true, message='help: display help on available commands
info: print collection information
show: print all elements of the collection
insert <key> {element}: add a new element with the given key
update <id> {element}: update element by ID
remove_key <key>: remove element by key
clear: clear collection
save: save collection to file (server-only)
remove_greater {element}: remove elements greater than specified
replace_if_lower <key> {element}: replace if new value is less
remove_greater_key <key>: remove elements with key greater than given
count_greater_than_description <description>: count elements with description greater
filter_less_than_genre <genre>: display elements with genre less than specified
print_field_descending_number_of_participants: output participants in descending order
', data=null, band=null}
2026-05-17 05:07:13 DEBUG org.example.client.ResponseHandler - 🔍 response.success=true
2026-05-17 05:07:13 DEBUG org.example.client.ResponseHandler - 🔍 response.message=help: display help on available commands
info: print collection information
show: print all elements of the collection
insert <key> {element}: add a new element with the given key
update <id> {element}: update element by ID
remove_key <key>: remove element by key
clear: clear collection
save: save collection to file (server-only)
remove_greater {element}: remove elements greater than specified
replace_if_lower <key> {element}: replace if new value is less
remove_greater_key <key>: remove elements with key greater than given
count_greater_than_description <description>: count elements with description greater
filter_less_than_genre <genre>: display elements with genre less than specified
print_field_descending_number_of_participants: output participants in descending order

2026-05-17 05:08:17 INFO  o.example.server.ConnectionReceiver -  Received command: insert
2026-05-17 05:08:17 INFO  org.example.server.ServerMain -  Receiver request: insert from client
2026-05-17 05:08:17 DEBUG org.example.server.ResponseSender -  SenderResponse() called
2026-05-17 05:08:17 DEBUG org.example.server.ResponseSender -  channel.send() completed to /127.0.0.1:57112
2026-05-17 05:08:17 INFO  org.example.server.ResponseSender -  Sent response to client
2026-05-17 05:08:17 INFO  org.example.server.ServerMain -  Sent response to client
2026-05-17 05:08:17 DEBUG org.example.client.ResponseHandler -  DEBUG: handleResponse called with response=Response{success=true, message=' Music band has band added with the key band_1', data=null, band=null}
2026-05-17 05:08:17 DEBUG org.example.client.ResponseHandler - 🔍 response.success=true
2026-05-17 05:08:17 DEBUG org.example.client.ResponseHandler - 🔍 response.message= Music band has band added with the key band_1
2026-05-17 05:08:27 INFO  o.example.server.ConnectionReceiver -  Received command: show
2026-05-17 05:08:27 INFO  org.example.server.ServerMain -  Receiver request: show from client
2026-05-17 05:08:27 DEBUG org.example.server.ResponseSender -  SenderResponse() called
2026-05-17 05:08:27 DEBUG org.example.server.ResponseSender -  channel.send() completed to /127.0.0.1:57112
2026-05-17 05:08:27 INFO  org.example.server.ResponseSender -  Sent response to client
2026-05-17 05:08:27 INFO  org.example.server.ServerMain -  Sent response to client
2026-05-17 05:08:27 DEBUG org.example.client.ResponseHandler -  DEBUG: handleResponse called with response=Response{success=true, message='Collection Contents', data=null, band=[org.example.common.MusicBand@501edcf1]}
2026-05-17 05:08:27 DEBUG org.example.client.ResponseHandler - 🔍 response.success=true
2026-05-17 05:08:27 DEBUG org.example.client.ResponseHandler - 🔍 response.message=Collection Contents
2026-05-17 05:10:04 INFO  org.example.server.ServerMain -  Music Band Server Starting...
2026-05-17 05:10:04 INFO  org.example.server.ServerMain - Port: 12345
2026-05-17 05:10:04 INFO  org.example.server.ServerMain - Data File: bands.json
2026-05-17 05:10:04 INFO  org.example.server.ServerMain - Mode: Single-thread, UDP, Non-blocking
2026-05-17 05:10:04 INFO  o.example.server.ConnectionReceiver -  Connection Receiver listening on port 12345
2026-05-17 05:10:04 INFO  org.example.server.ServerMain -  Server Ready! Waiting for client connections...
2026-05-17 05:10:19 INFO  o.example.server.ConnectionReceiver -  Received command: info
2026-05-17 05:10:19 INFO  org.example.server.ServerMain -  Receiver request: info from client
2026-05-17 05:10:19 DEBUG org.example.server.ResponseSender -  SenderResponse() called
2026-05-17 05:10:19 DEBUG org.example.server.ResponseSender -  channel.send() completed to /127.0.0.1:55560
2026-05-17 05:10:19 INFO  org.example.server.ResponseSender -  Sent response to client
2026-05-17 05:10:19 INFO  org.example.server.ServerMain -  Sent response to client
2026-05-17 05:10:19 DEBUG org.example.client.ResponseHandler -  DEBUG: handleResponse called with response=Response{success=true, message='Initialization date: 2026-05-17T05:10:04.318590100
Number of elements: 0', data=null, band=null}
2026-05-17 05:10:19 DEBUG org.example.client.ResponseHandler - 🔍 response.success=true
2026-05-17 05:10:19 DEBUG org.example.client.ResponseHandler - 🔍 response.message=Initialization date: 2026-05-17T05:10:04.318590100
Number of elements: 0
2026-05-17 05:10:25 INFO  o.example.server.ConnectionReceiver -  Received command: help
2026-05-17 05:10:25 INFO  org.example.server.ServerMain -  Receiver request: help from client
2026-05-17 05:10:25 DEBUG org.example.server.ResponseSender -  SenderResponse() called
2026-05-17 05:10:25 DEBUG org.example.server.ResponseSender -  channel.send() completed to /127.0.0.1:55560
2026-05-17 05:10:25 INFO  org.example.server.ResponseSender -  Sent response to client
2026-05-17 05:10:25 INFO  org.example.server.ServerMain -  Sent response to client
2026-05-17 05:10:25 DEBUG org.example.client.ResponseHandler -  DEBUG: handleResponse called with response=Response{success=true, message='help: display help on available commands
info: print collection information
show: print all elements of the collection
insert <key> {element}: add a new element with the given key
update <id> {element}: update element by ID
remove_key <key>: remove element by key
clear: clear collection
save: save collection to file (server-only)
remove_greater {element}: remove elements greater than specified
replace_if_lower <key> {element}: replace if new value is less
remove_greater_key <key>: remove elements with key greater than given
count_greater_than_description <description>: count elements with description greater
filter_less_than_genre <genre>: display elements with genre less than specified
print_field_descending_number_of_participants: output participants in descending order
', data=null, band=null}
2026-05-17 05:10:25 DEBUG org.example.client.ResponseHandler - 🔍 response.success=true
2026-05-17 05:10:25 DEBUG org.example.client.ResponseHandler - 🔍 response.message=help: display help on available commands
info: print collection information
show: print all elements of the collection
insert <key> {element}: add a new element with the given key
update <id> {element}: update element by ID
remove_key <key>: remove element by key
clear: clear collection
save: save collection to file (server-only)
remove_greater {element}: remove elements greater than specified
replace_if_lower <key> {element}: replace if new value is less
remove_greater_key <key>: remove elements with key greater than given
count_greater_than_description <description>: count elements with description greater
filter_less_than_genre <genre>: display elements with genre less than specified
print_field_descending_number_of_participants: output participants in descending order

2026-05-17 05:14:05 INFO  o.example.server.ConnectionReceiver -  Received command: insert
2026-05-17 05:14:05 INFO  org.example.server.ServerMain -  Receiver request: insert from client
2026-05-17 05:14:05 DEBUG org.example.server.ResponseSender -  SenderResponse() called
2026-05-17 05:14:05 DEBUG org.example.server.ResponseSender -  channel.send() completed to /127.0.0.1:55560
2026-05-17 05:14:05 INFO  org.example.server.ResponseSender -  Sent response to client
2026-05-17 05:14:05 INFO  org.example.server.ServerMain -  Sent response to client
2026-05-17 05:14:05 DEBUG org.example.client.ResponseHandler -  DEBUG: handleResponse called with response=Response{success=true, message=' Music band has band added with the key band_1', data=null, band=null}
2026-05-17 05:14:05 DEBUG org.example.client.ResponseHandler - 🔍 response.success=true
2026-05-17 05:14:05 DEBUG org.example.client.ResponseHandler - 🔍 response.message= Music band has band added with the key band_1
2026-05-17 05:14:16 INFO  o.example.server.ConnectionReceiver -  Received command: show
2026-05-17 05:14:16 INFO  org.example.server.ServerMain -  Receiver request: show from client
2026-05-17 05:14:16 DEBUG org.example.server.ResponseSender -  SenderResponse() called
2026-05-17 05:14:16 DEBUG org.example.server.ResponseSender -  channel.send() completed to /127.0.0.1:55560
2026-05-17 05:14:16 INFO  org.example.server.ResponseSender -  Sent response to client
2026-05-17 05:14:16 INFO  org.example.server.ServerMain -  Sent response to client
2026-05-17 05:14:16 DEBUG org.example.client.ResponseHandler -  DEBUG: handleResponse called with response=Response{success=true, message='Collection Contents', data=null, band=[org.example.common.MusicBand@501edcf1]}
2026-05-17 05:14:16 DEBUG org.example.client.ResponseHandler - 🔍 response.success=true
2026-05-17 05:14:16 DEBUG org.example.client.ResponseHandler - 🔍 response.message=Collection Contents
2026-05-17 05:15:27 INFO  o.example.server.ConnectionReceiver -  Received command: insert
2026-05-17 05:15:27 INFO  org.example.server.ServerMain -  Receiver request: insert from client
2026-05-17 05:15:27 DEBUG org.example.server.ResponseSender -  SenderResponse() called
2026-05-17 05:15:27 DEBUG org.example.server.ResponseSender -  channel.send() completed to /127.0.0.1:55560
2026-05-17 05:15:27 INFO  org.example.server.ResponseSender -  Sent response to client
2026-05-17 05:15:27 INFO  org.example.server.ServerMain -  Sent response to client
2026-05-17 05:15:27 DEBUG org.example.client.ResponseHandler -  DEBUG: handleResponse called with response=Response{success=true, message=' Music band has band added with the key Band_2', data=null, band=null}
2026-05-17 05:15:27 DEBUG org.example.client.ResponseHandler - 🔍 response.success=true
2026-05-17 05:15:27 DEBUG org.example.client.ResponseHandler - 🔍 response.message= Music band has band added with the key Band_2
2026-05-17 05:15:41 INFO  o.example.server.ConnectionReceiver -  Received command: show
2026-05-17 05:15:41 INFO  org.example.server.ServerMain -  Receiver request: show from client
2026-05-17 05:15:41 DEBUG org.example.server.ResponseSender -  SenderResponse() called
2026-05-17 05:15:41 DEBUG org.example.server.ResponseSender -  channel.send() completed to /127.0.0.1:55560
2026-05-17 05:15:41 INFO  org.example.server.ResponseSender -  Sent response to client
2026-05-17 05:15:41 INFO  org.example.server.ServerMain -  Sent response to client
2026-05-17 05:15:41 DEBUG org.example.client.ResponseHandler -  DEBUG: handleResponse called with response=Response{success=true, message='Collection Contents', data=null, band=[org.example.common.MusicBand@7d3a22a9, org.example.common.MusicBand@1d082e88]}
2026-05-17 05:15:41 DEBUG org.example.client.ResponseHandler - 🔍 response.success=true
2026-05-17 05:15:41 DEBUG org.example.client.ResponseHandler - 🔍 response.message=Collection Contents
2026-05-17 05:24:41 INFO  o.example.server.ConnectionReceiver -  Received command: info
2026-05-17 05:24:41 INFO  org.example.server.ServerMain -  Receiver request: info from client
2026-05-17 05:24:41 DEBUG org.example.server.ResponseSender -  SenderResponse() called
2026-05-17 05:24:41 DEBUG org.example.server.ResponseSender -  channel.send() completed to /127.0.0.1:65178
2026-05-17 05:24:41 INFO  org.example.server.ResponseSender -  Sent response to client
2026-05-17 05:24:41 INFO  org.example.server.ServerMain -  Sent response to client
2026-05-17 05:24:41 DEBUG org.example.client.ResponseHandler -  DEBUG: handleResponse called with response=Response{success=true, message='Initialization date: 2026-05-17T05:10:04.318590100
Number of elements: 2', data=null, band=null}
2026-05-17 05:24:41 DEBUG org.example.client.ResponseHandler - 🔍 response.success=true
2026-05-17 05:24:41 DEBUG org.example.client.ResponseHandler - 🔍 response.message=Initialization date: 2026-05-17T05:10:04.318590100
Number of elements: 2
2026-05-17 05:24:47 INFO  o.example.server.ConnectionReceiver -  Received command: show
2026-05-17 05:24:47 INFO  org.example.server.ServerMain -  Receiver request: show from client
2026-05-17 05:24:47 DEBUG org.example.server.ResponseSender -  SenderResponse() called
2026-05-17 05:24:47 DEBUG org.example.server.ResponseSender -  channel.send() completed to /127.0.0.1:65178
2026-05-17 05:24:47 INFO  org.example.server.ResponseSender -  Sent response to client
2026-05-17 05:24:47 INFO  org.example.server.ServerMain -  Sent response to client
2026-05-17 05:24:47 DEBUG org.example.client.ResponseHandler -  DEBUG: handleResponse called with response=Response{success=true, message='Collection Contents', data=null, band=[org.example.common.MusicBand@6ab7a896, org.example.common.MusicBand@327b636c]}
2026-05-17 05:24:47 DEBUG org.example.client.ResponseHandler - 🔍 response.success=true
2026-05-17 05:24:47 DEBUG org.example.client.ResponseHandler - 🔍 response.message=Collection Contents
2026-05-17 05:40:59 INFO  org.example.server.ServerMain -  Music Band Server Starting...
2026-05-17 05:40:59 INFO  org.example.server.ServerMain - Port: 12345
2026-05-17 05:40:59 INFO  org.example.server.ServerMain - Data File: bands.json
2026-05-17 05:40:59 INFO  org.example.server.ServerMain - Mode: Single-thread, UDP, Non-blocking
2026-05-17 05:40:59 INFO  o.example.server.ConnectionReceiver -  Connection Receiver listening on port 12345
2026-05-17 05:40:59 INFO  org.example.server.ServerMain -  Server Ready! Waiting for client connections...
2026-05-17 05:41:13 INFO  o.example.server.ConnectionReceiver -  Received command: info
2026-05-17 05:41:13 INFO  org.example.server.ServerMain -  Receiver request: info from client
2026-05-17 05:41:13 DEBUG org.example.server.ResponseSender -  SenderResponse() called
2026-05-17 05:41:13 DEBUG org.example.server.ResponseSender -  channel.send() completed to /127.0.0.1:56211
2026-05-17 05:41:13 INFO  org.example.server.ResponseSender -  Sent response to client
2026-05-17 05:41:13 INFO  org.example.server.ServerMain -  Sent response to client
2026-05-17 05:41:17 INFO  o.example.server.ConnectionReceiver -  Received command: show
2026-05-17 05:41:17 INFO  org.example.server.ServerMain -  Receiver request: show from client
2026-05-17 05:41:17 DEBUG org.example.server.ResponseSender -  SenderResponse() called
2026-05-17 05:41:17 DEBUG org.example.server.ResponseSender -  channel.send() completed to /127.0.0.1:56211
2026-05-17 05:41:17 INFO  org.example.server.ResponseSender -  Sent response to client
2026-05-17 05:41:17 INFO  org.example.server.ServerMain -  Sent response to client
2026-05-17 05:42:10 INFO  o.example.server.ConnectionReceiver -  Received command: insert
2026-05-17 05:42:10 INFO  org.example.server.ServerMain -  Receiver request: insert from client
2026-05-17 05:42:10 DEBUG org.example.server.ResponseSender -  SenderResponse() called
2026-05-17 05:42:10 DEBUG org.example.server.ResponseSender -  channel.send() completed to /127.0.0.1:56211
2026-05-17 05:42:10 INFO  org.example.server.ResponseSender -  Sent response to client
2026-05-17 05:42:10 INFO  org.example.server.ServerMain -  Sent response to client
2026-05-17 05:43:29 INFO  o.example.server.ConnectionReceiver -  Received command: insert
2026-05-17 05:43:29 INFO  org.example.server.ServerMain -  Receiver request: insert from client
2026-05-17 05:43:29 DEBUG org.example.server.ResponseSender -  SenderResponse() called
2026-05-17 05:43:29 DEBUG org.example.server.ResponseSender -  channel.send() completed to /127.0.0.1:56211
2026-05-17 05:43:29 INFO  org.example.server.ResponseSender -  Sent response to client
2026-05-17 05:43:29 INFO  org.example.server.ServerMain -  Sent response to client
2026-05-17 05:43:34 INFO  o.example.server.ConnectionReceiver -  Received command: show
2026-05-17 05:43:34 INFO  org.example.server.ServerMain -  Receiver request: show from client
2026-05-17 05:43:34 DEBUG org.example.server.ResponseSender -  SenderResponse() called
2026-05-17 05:43:34 DEBUG org.example.server.ResponseSender -  channel.send() completed to /127.0.0.1:56211
2026-05-17 05:43:34 INFO  org.example.server.ResponseSender -  Sent response to client
2026-05-17 05:43:34 INFO  org.example.server.ServerMain -  Sent response to client
2026-05-17 05:44:00 INFO  o.example.server.ConnectionReceiver -  Received command: info
2026-05-17 05:44:00 INFO  org.example.server.ServerMain -  Receiver request: info from client
2026-05-17 05:44:00 DEBUG org.example.server.ResponseSender -  SenderResponse() called
2026-05-17 05:44:00 DEBUG org.example.server.ResponseSender -  channel.send() completed to /127.0.0.1:56211
2026-05-17 05:44:00 INFO  org.example.server.ResponseSender -  Sent response to client
2026-05-17 05:44:00 INFO  org.example.server.ServerMain -  Sent response to client
2026-05-17 05:44:32 INFO  org.example.server.ServerMain -  Music Band Server Starting...
2026-05-17 05:44:32 INFO  org.example.server.ServerMain - Port: 12345
2026-05-17 05:44:32 INFO  org.example.server.ServerMain - Data File: bands.json
2026-05-17 05:44:32 INFO  org.example.server.ServerMain - Mode: Single-thread, UDP, Non-blocking
2026-05-17 05:44:32 ERROR org.example.server.ServerMain - ❌ Network Error: Address already in use: bind
java.net.BindException: Address already in use: bind
	at java.base/sun.nio.ch.Net.bind0(Native Method)
	at java.base/sun.nio.ch.Net.bind(Net.java:552)
	at java.base/sun.nio.ch.DatagramChannelImpl.bindInternal(DatagramChannelImpl.java:1189)
	at java.base/sun.nio.ch.DatagramChannelImpl.bind(DatagramChannelImpl.java:1160)
	at org.example.server.ConnectionReceiver.<init>(ConnectionReceiver.java:24)
	at org.example.server.ServerMain.main(ServerMain.java:29)
	at org.example.Main.main(Main.java:18)
2026-05-17 05:44:32 ERROR org.example.server.ServerMain -  Hint: Is Port 12345 already in use?
2026-05-17 05:44:32 INFO  org.example.server.ServerMain -  Saving collection before shutdown...
2026-05-17 05:44:32 INFO  org.example.server.ServerMain -  Server terminated. Goodbye!
2026-05-17 05:44:46 INFO  o.example.server.ConnectionReceiver -  Received command: help
2026-05-17 05:44:46 INFO  org.example.server.ServerMain -  Receiver request: help from client
2026-05-17 05:44:46 DEBUG org.example.server.ResponseSender -  SenderResponse() called
2026-05-17 05:44:46 DEBUG org.example.server.ResponseSender -  channel.send() completed to /127.0.0.1:56793
2026-05-17 05:44:46 INFO  org.example.server.ResponseSender -  Sent response to client
2026-05-17 05:44:46 INFO  org.example.server.ServerMain -  Sent response to client
2026-05-17 05:44:48 INFO  o.example.server.ConnectionReceiver -  Received command: show
2026-05-17 05:44:48 INFO  org.example.server.ServerMain -  Receiver request: show from client
2026-05-17 05:44:48 DEBUG org.example.server.ResponseSender -  SenderResponse() called
2026-05-17 05:44:48 DEBUG org.example.server.ResponseSender -  channel.send() completed to /127.0.0.1:56793
2026-05-17 05:44:48 INFO  org.example.server.ResponseSender -  Sent response to client
2026-05-17 05:44:48 INFO  org.example.server.ServerMain -  Sent response to client
2026-05-17 05:44:51 INFO  o.example.server.ConnectionReceiver -  Received command: info
2026-05-17 05:44:51 INFO  org.example.server.ServerMain -  Receiver request: info from client
2026-05-17 05:44:51 DEBUG org.example.server.ResponseSender -  SenderResponse() called
2026-05-17 05:44:51 DEBUG org.example.server.ResponseSender -  channel.send() completed to /127.0.0.1:56793
2026-05-17 05:44:51 INFO  org.example.server.ResponseSender -  Sent response to client
2026-05-17 05:44:51 INFO  org.example.server.ServerMain -  Sent response to client
2026-05-18 19:41:01 INFO  org.example.server.ServerMain -  Music Band Server Starting...
2026-05-18 19:41:02 INFO  org.example.server.ServerMain - Port: 12345
2026-05-18 19:41:02 INFO  org.example.server.ServerMain - Data File: bands.json
2026-05-18 19:41:02 INFO  org.example.server.ServerMain - Mode: Single-thread, UDP, Non-blocking
2026-05-18 19:41:02 INFO  o.example.server.ConnectionReceiver -  Connection Receiver listening on port 12345
2026-05-18 19:41:02 INFO  org.example.server.ServerMain -  Server Ready! Waiting for client connections...
2026-05-18 19:41:15 INFO  o.example.server.ConnectionReceiver -  Received command: help
2026-05-18 19:41:15 INFO  org.example.server.ServerMain -  Receiver request: help from client
2026-05-18 19:41:15 DEBUG org.example.server.ResponseSender -  SenderResponse() called
2026-05-18 19:41:15 DEBUG org.example.server.ResponseSender -  channel.send() completed to /127.0.0.1:55277
2026-05-18 19:41:15 INFO  org.example.server.ResponseSender -  Sent response to client
2026-05-18 19:41:15 INFO  org.example.server.ServerMain -  Sent response to client
2026-05-18 19:41:57 INFO  org.example.server.ServerMain -  Music Band Server Starting...
2026-05-18 19:41:57 INFO  org.example.server.ServerMain - Port: 12345
2026-05-18 19:41:57 INFO  org.example.server.ServerMain - Data File: bands.json
2026-05-18 19:41:57 INFO  org.example.server.ServerMain - Mode: Single-thread, UDP, Non-blocking
2026-05-18 19:41:57 INFO  o.example.server.ConnectionReceiver -  Connection Receiver listening on port 12345
2026-05-18 19:41:57 INFO  org.example.server.ServerMain -  Server Ready! Waiting for client connections...
2026-05-18 19:42:20 INFO  o.example.server.ConnectionReceiver -  Received command: help
2026-05-18 19:42:20 INFO  org.example.server.ServerMain -  Receiver request: help from client
2026-05-18 19:42:20 DEBUG org.example.server.ResponseSender -  SenderResponse() called
2026-05-18 19:42:20 DEBUG org.example.server.ResponseSender -  channel.send() completed to /127.0.0.1:53558
2026-05-18 19:42:20 INFO  org.example.server.ResponseSender -  Sent response to client
2026-05-18 19:42:20 INFO  org.example.server.ServerMain -  Sent response to client
2026-05-18 19:42:34 INFO  o.example.server.ConnectionReceiver -  Received command: show
2026-05-18 19:42:34 INFO  org.example.server.ServerMain -  Receiver request: show from client
2026-05-18 19:42:34 DEBUG org.example.server.ResponseSender -  SenderResponse() called
2026-05-18 19:42:34 DEBUG org.example.server.ResponseSender -  channel.send() completed to /127.0.0.1:53558
2026-05-18 19:42:34 INFO  org.example.server.ResponseSender -  Sent response to client
2026-05-18 19:42:34 INFO  org.example.server.ServerMain -  Sent response to client
2026-05-18 19:42:37 INFO  o.example.server.ConnectionReceiver -  Received command: info
2026-05-18 19:42:37 INFO  org.example.server.ServerMain -  Receiver request: info from client
2026-05-18 19:42:37 DEBUG org.example.server.ResponseSender -  SenderResponse() called
2026-05-18 19:42:37 DEBUG org.example.server.ResponseSender -  channel.send() completed to /127.0.0.1:53558
2026-05-18 19:42:37 INFO  org.example.server.ResponseSender -  Sent response to client
2026-05-18 19:42:37 INFO  org.example.server.ServerMain -  Sent response to client
2026-05-18 19:43:54 INFO  o.example.server.ConnectionReceiver -  Received command: insert
2026-05-18 19:43:54 INFO  org.example.server.ServerMain -  Receiver request: insert from client
2026-05-18 19:43:54 DEBUG org.example.server.ResponseSender -  SenderResponse() called
2026-05-18 19:43:54 DEBUG org.example.server.ResponseSender -  channel.send() completed to /127.0.0.1:53558
2026-05-18 19:43:54 INFO  org.example.server.ResponseSender -  Sent response to client
2026-05-18 19:43:54 INFO  org.example.server.ServerMain -  Sent response to client
2026-05-18 19:45:20 INFO  o.example.server.ConnectionReceiver -  Received command: insert
2026-05-18 19:45:20 INFO  org.example.server.ServerMain -  Receiver request: insert from client
2026-05-18 19:45:20 DEBUG org.example.server.ResponseSender -  SenderResponse() called
2026-05-18 19:45:20 DEBUG org.example.server.ResponseSender -  channel.send() completed to /127.0.0.1:53558
2026-05-18 19:45:20 INFO  org.example.server.ResponseSender -  Sent response to client
2026-05-18 19:45:20 INFO  org.example.server.ServerMain -  Sent response to client
2026-05-18 19:45:26 INFO  o.example.server.ConnectionReceiver -  Received command: show
2026-05-18 19:45:26 INFO  org.example.server.ServerMain -  Receiver request: show from client
2026-05-18 19:45:26 DEBUG org.example.server.ResponseSender -  SenderResponse() called
2026-05-18 19:45:26 DEBUG org.example.server.ResponseSender -  channel.send() completed to /127.0.0.1:53558
2026-05-18 19:45:26 INFO  org.example.server.ResponseSender -  Sent response to client
2026-05-18 19:45:26 INFO  org.example.server.ServerMain -  Sent response to client
2026-05-18 19:45:50 INFO  o.example.server.ConnectionReceiver -  Received command: info
2026-05-18 19:45:50 INFO  org.example.server.ServerMain -  Receiver request: info from client
2026-05-18 19:45:50 DEBUG org.example.server.ResponseSender -  SenderResponse() called
2026-05-18 19:45:50 DEBUG org.example.server.ResponseSender -  channel.send() completed to /127.0.0.1:53558
2026-05-18 19:45:50 INFO  org.example.server.ResponseSender -  Sent response to client
2026-05-18 19:45:50 INFO  org.example.server.ServerMain -  Sent response to client
2026-05-18 20:00:42 INFO  o.example.server.ConnectionReceiver -  Received command: update
2026-05-18 20:00:42 INFO  org.example.server.ServerMain -  Receiver request: update from client
2026-05-18 20:00:42 DEBUG org.example.server.ResponseSender -  SenderResponse() called
2026-05-18 20:00:42 DEBUG org.example.server.ResponseSender -  channel.send() completed to /127.0.0.1:53558
2026-05-18 20:00:42 INFO  org.example.server.ResponseSender -  Sent response to client
2026-05-18 20:00:42 INFO  org.example.server.ServerMain -  Sent response to client
2026-05-18 20:03:21 INFO  org.example.server.ServerMain -  Music Band Server Starting...
2026-05-18 20:03:21 INFO  org.example.server.ServerMain - Port: 12345
2026-05-18 20:03:21 INFO  org.example.server.ServerMain - Data File: bands.json
2026-05-18 20:03:21 INFO  org.example.server.ServerMain - Mode: Single-thread, UDP, Non-blocking
2026-05-18 20:03:21 INFO  o.example.server.ConnectionReceiver -  Connection Receiver listening on port 12345
2026-05-18 20:03:21 INFO  org.example.server.ServerMain -  Server Ready! Waiting for client connections...
2026-05-18 20:03:35 INFO  o.example.server.ConnectionReceiver -  Received command: show
2026-05-18 20:03:35 INFO  org.example.server.ServerMain -  Receiver request: show from client
2026-05-18 20:03:35 DEBUG org.example.server.ResponseSender -  SenderResponse() called
2026-05-18 20:03:35 DEBUG org.example.server.ResponseSender -  channel.send() completed to /127.0.0.1:53558
2026-05-18 20:03:35 INFO  org.example.server.ResponseSender -  Sent response to client
2026-05-18 20:03:35 INFO  org.example.server.ServerMain -  Sent response to client
2026-05-18 20:04:21 INFO  o.example.server.ConnectionReceiver -  Received command: help
2026-05-18 20:04:21 INFO  org.example.server.ServerMain -  Receiver request: help from client
2026-05-18 20:04:21 DEBUG org.example.server.ResponseSender -  SenderResponse() called
2026-05-18 20:04:21 DEBUG org.example.server.ResponseSender -  channel.send() completed to /127.0.0.1:53558
2026-05-18 20:04:21 INFO  org.example.server.ResponseSender -  Sent response to client
2026-05-18 20:04:21 INFO  org.example.server.ServerMain -  Sent response to client
2026-05-18 20:16:47 INFO  o.example.server.ConnectionReceiver -  Received command: insert
2026-05-18 20:16:47 INFO  org.example.server.ServerMain -  Receiver request: insert from client
2026-05-18 20:16:47 DEBUG org.example.server.ResponseSender -  SenderResponse() called
2026-05-18 20:16:47 DEBUG org.example.server.ResponseSender -  channel.send() completed to /127.0.0.1:53558
2026-05-18 20:16:47 INFO  org.example.server.ResponseSender -  Sent response to client
2026-05-18 20:16:47 INFO  org.example.server.ServerMain -  Sent response to client
2026-05-18 20:17:33 INFO  o.example.server.ConnectionReceiver -  Received command: insert
2026-05-18 20:17:33 INFO  org.example.server.ServerMain -  Receiver request: insert from client
2026-05-18 20:17:33 DEBUG org.example.server.ResponseSender -  SenderResponse() called
2026-05-18 20:17:33 DEBUG org.example.server.ResponseSender -  channel.send() completed to /127.0.0.1:53558
2026-05-18 20:17:33 INFO  org.example.server.ResponseSender -  Sent response to client
2026-05-18 20:17:33 INFO  org.example.server.ServerMain -  Sent response to client
2026-05-18 20:19:00 INFO  o.example.server.ConnectionReceiver -  Received command: insert
2026-05-18 20:19:00 INFO  org.example.server.ServerMain -  Receiver request: insert from client
2026-05-18 20:19:00 DEBUG org.example.server.ResponseSender -  SenderResponse() called
2026-05-18 20:19:00 DEBUG org.example.server.ResponseSender -  channel.send() completed to /127.0.0.1:53558
2026-05-18 20:19:00 INFO  org.example.server.ResponseSender -  Sent response to client
2026-05-18 20:19:00 INFO  org.example.server.ServerMain -  Sent response to client
2026-05-18 20:21:02 INFO  o.example.server.ConnectionReceiver -  Received command: insert
2026-05-18 20:21:02 INFO  org.example.server.ServerMain -  Receiver request: insert from client
2026-05-18 20:21:02 DEBUG org.example.server.ResponseSender -  SenderResponse() called
2026-05-18 20:21:02 DEBUG org.example.server.ResponseSender -  channel.send() completed to /127.0.0.1:53558
2026-05-18 20:21:02 INFO  org.example.server.ResponseSender -  Sent response to client
2026-05-18 20:21:02 INFO  org.example.server.ServerMain -  Sent response to client
2026-05-18 20:21:21 INFO  o.example.server.ConnectionReceiver -  Received command: show
2026-05-18 20:21:21 INFO  org.example.server.ServerMain -  Receiver request: show from client
2026-05-18 20:21:21 DEBUG org.example.server.ResponseSender -  SenderResponse() called
2026-05-18 20:21:21 DEBUG org.example.server.ResponseSender -  channel.send() completed to /127.0.0.1:53558
2026-05-18 20:21:21 INFO  org.example.server.ResponseSender -  Sent response to client
2026-05-18 20:21:21 INFO  org.example.server.ServerMain -  Sent response to client
2026-05-18 20:25:15 INFO  o.example.server.ConnectionReceiver -  Received command: insert
2026-05-18 20:25:15 INFO  org.example.server.ServerMain -  Receiver request: insert from client
2026-05-18 20:25:15 DEBUG org.example.server.ResponseSender -  SenderResponse() called
2026-05-18 20:25:15 DEBUG org.example.server.ResponseSender -  channel.send() completed to /127.0.0.1:53558
2026-05-18 20:25:15 INFO  org.example.server.ResponseSender -  Sent response to client
2026-05-18 20:25:15 INFO  org.example.server.ServerMain -  Sent response to client
2026-05-18 20:26:57 INFO  o.example.server.ConnectionReceiver -  Received command: show
2026-05-18 20:26:57 INFO  org.example.server.ServerMain -  Receiver request: show from client
2026-05-18 20:26:57 DEBUG org.example.server.ResponseSender -  SenderResponse() called
2026-05-18 20:26:57 DEBUG org.example.server.ResponseSender -  channel.send() completed to /127.0.0.1:53558
2026-05-18 20:26:57 INFO  org.example.server.ResponseSender -  Sent response to client
2026-05-18 20:26:57 INFO  org.example.server.ServerMain -  Sent response to client
2026-05-18 20:41:10 INFO  o.example.server.ConnectionReceiver -  Received command: update
2026-05-18 20:41:10 INFO  org.example.server.ServerMain -  Receiver request: update from client
2026-05-18 20:41:10 DEBUG org.example.server.ResponseSender -  SenderResponse() called
2026-05-18 20:41:10 DEBUG org.example.server.ResponseSender -  channel.send() completed to /127.0.0.1:53558
2026-05-18 20:41:10 INFO  org.example.server.ResponseSender -  Sent response to client
2026-05-18 20:41:10 INFO  org.example.server.ServerMain -  Sent response to client
2026-05-18 20:41:30 INFO  o.example.server.ConnectionReceiver -  Received command: show
2026-05-18 20:41:30 INFO  org.example.server.ServerMain -  Receiver request: show from client
2026-05-18 20:41:30 DEBUG org.example.server.ResponseSender -  SenderResponse() called
2026-05-18 20:41:30 DEBUG org.example.server.ResponseSender -  channel.send() completed to /127.0.0.1:53558
2026-05-18 20:41:30 INFO  org.example.server.ResponseSender -  Sent response to client
2026-05-18 20:41:30 INFO  org.example.server.ServerMain -  Sent response to client
2026-05-18 20:55:06 INFO  o.example.server.ConnectionReceiver -  Received command: remove_key
2026-05-18 20:55:06 INFO  org.example.server.ServerMain -  Receiver request: remove_key from client
2026-05-18 20:55:06 DEBUG org.example.server.ResponseSender -  SenderResponse() called
2026-05-18 20:55:06 DEBUG org.example.server.ResponseSender -  channel.send() completed to /127.0.0.1:53558
2026-05-18 20:55:06 INFO  org.example.server.ResponseSender -  Sent response to client
2026-05-18 20:55:06 INFO  org.example.server.ServerMain -  Sent response to client
2026-05-18 20:58:16 INFO  o.example.server.ConnectionReceiver -  Received command: clear
2026-05-18 20:58:16 INFO  org.example.server.ServerMain -  Receiver request: clear from client
2026-05-18 20:58:16 DEBUG org.example.server.ResponseSender -  SenderResponse() called
2026-05-18 20:58:16 DEBUG org.example.server.ResponseSender -  channel.send() completed to /127.0.0.1:53558
2026-05-18 20:58:16 INFO  org.example.server.ResponseSender -  Sent response to client
2026-05-18 20:58:16 INFO  org.example.server.ServerMain -  Sent response to client
2026-05-18 20:58:20 INFO  o.example.server.ConnectionReceiver -  Received command: show
2026-05-18 20:58:20 INFO  org.example.server.ServerMain -  Receiver request: show from client
2026-05-18 20:58:20 DEBUG org.example.server.ResponseSender -  SenderResponse() called
2026-05-18 20:58:20 DEBUG org.example.server.ResponseSender -  channel.send() completed to /127.0.0.1:53558
2026-05-18 20:58:20 INFO  org.example.server.ResponseSender -  Sent response to client
2026-05-18 20:58:20 INFO  org.example.server.ServerMain -  Sent response to client
2026-05-19 08:40:44 INFO  org.example.server.ServerMain -  Music Band Server Starting...
2026-05-19 08:40:44 INFO  org.example.server.ServerMain - Port: 12345
2026-05-19 08:40:44 INFO  org.example.server.ServerMain - Data File: bands.json
2026-05-19 08:40:44 INFO  org.example.server.ServerMain - Mode: Single-thread, UDP, Non-blocking
2026-05-19 08:40:44 INFO  o.example.server.ConnectionReceiver -  Connection Receiver listening on port 12345
2026-05-19 08:40:44 INFO  org.example.server.ServerMain -  Server Ready! Waiting for client connections...
2026-05-19 08:41:22 INFO  o.example.server.ConnectionReceiver -  Received command: help
2026-05-19 08:41:22 INFO  org.example.server.ServerMain -  Receiver request: help from client
2026-05-19 08:41:22 DEBUG org.example.server.ResponseSender -  SenderResponse() called
2026-05-19 08:41:22 DEBUG org.example.server.ResponseSender -  channel.send() completed to /127.0.0.1:55867
2026-05-19 08:41:22 INFO  org.example.server.ResponseSender -  Sent response to client
2026-05-19 08:41:22 INFO  org.example.server.ServerMain -  Sent response to client
2026-05-19 08:41:28 INFO  o.example.server.ConnectionReceiver -  Received command: info
2026-05-19 08:41:28 INFO  org.example.server.ServerMain -  Receiver request: info from client
2026-05-19 08:41:28 DEBUG org.example.server.ResponseSender -  SenderResponse() called
2026-05-19 08:41:28 DEBUG org.example.server.ResponseSender -  channel.send() completed to /127.0.0.1:55867
2026-05-19 08:41:28 INFO  org.example.server.ResponseSender -  Sent response to client
2026-05-19 08:41:28 INFO  org.example.server.ServerMain -  Sent response to client
2026-05-19 08:42:12 INFO  o.example.server.ConnectionReceiver -  Received command: insert
2026-05-19 08:42:12 INFO  org.example.server.ServerMain -  Receiver request: insert from client
2026-05-19 08:42:12 DEBUG org.example.server.ResponseSender -  SenderResponse() called
2026-05-19 08:42:12 DEBUG org.example.server.ResponseSender -  channel.send() completed to /127.0.0.1:55867
2026-05-19 08:42:12 INFO  org.example.server.ResponseSender -  Sent response to client
2026-05-19 08:42:12 INFO  org.example.server.ServerMain -  Sent response to client
2026-05-19 08:43:21 INFO  o.example.server.ConnectionReceiver -  Received command: insert
2026-05-19 08:43:21 INFO  org.example.server.ServerMain -  Receiver request: insert from client
2026-05-19 08:43:21 DEBUG org.example.server.ResponseSender -  SenderResponse() called
2026-05-19 08:43:21 DEBUG org.example.server.ResponseSender -  channel.send() completed to /127.0.0.1:55867
2026-05-19 08:43:21 INFO  org.example.server.ResponseSender -  Sent response to client
2026-05-19 08:43:21 INFO  org.example.server.ServerMain -  Sent response to client
2026-05-19 08:44:17 INFO  o.example.server.ConnectionReceiver -  Received command: insert
2026-05-19 08:44:17 INFO  org.example.server.ServerMain -  Receiver request: insert from client
2026-05-19 08:44:17 DEBUG org.example.server.ResponseSender -  SenderResponse() called
2026-05-19 08:44:17 DEBUG org.example.server.ResponseSender -  channel.send() completed to /127.0.0.1:55867
2026-05-19 08:44:17 INFO  org.example.server.ResponseSender -  Sent response to client
2026-05-19 08:44:17 INFO  org.example.server.ServerMain -  Sent response to client
2026-05-19 08:44:21 INFO  o.example.server.ConnectionReceiver -  Received command: show
2026-05-19 08:44:21 INFO  org.example.server.ServerMain -  Receiver request: show from client
2026-05-19 08:44:21 DEBUG org.example.server.ResponseSender -  SenderResponse() called
2026-05-19 08:44:21 DEBUG org.example.server.ResponseSender -  channel.send() completed to /127.0.0.1:55867
2026-05-19 08:44:21 INFO  org.example.server.ResponseSender -  Sent response to client
2026-05-19 08:44:21 INFO  org.example.server.ServerMain -  Sent response to client
2026-05-19 08:46:03 INFO  o.example.server.ConnectionReceiver -  Received command: update
2026-05-19 08:46:03 INFO  org.example.server.ServerMain -  Receiver request: update from client
2026-05-19 08:46:03 DEBUG org.example.server.ResponseSender -  SenderResponse() called
2026-05-19 08:46:03 DEBUG org.example.server.ResponseSender -  channel.send() completed to /127.0.0.1:55867
2026-05-19 08:46:03 INFO  org.example.server.ResponseSender -  Sent response to client
2026-05-19 08:46:03 INFO  org.example.server.ServerMain -  Sent response to client
2026-05-19 08:46:12 INFO  o.example.server.ConnectionReceiver -  Received command: show
2026-05-19 08:46:12 INFO  org.example.server.ServerMain -  Receiver request: show from client
2026-05-19 08:46:12 DEBUG org.example.server.ResponseSender -  SenderResponse() called
2026-05-19 08:46:12 DEBUG org.example.server.ResponseSender -  channel.send() completed to /127.0.0.1:55867
2026-05-19 08:46:12 INFO  org.example.server.ResponseSender -  Sent response to client
2026-05-19 08:46:12 INFO  org.example.server.ServerMain -  Sent response to client
2026-05-19 08:48:02 INFO  o.example.server.ConnectionReceiver -  Received command: replace_if_lower
2026-05-19 08:48:02 INFO  org.example.server.ServerMain -  Receiver request: replace_if_lower from client
2026-05-19 08:48:02 DEBUG org.example.server.ResponseSender -  SenderResponse() called
2026-05-19 08:48:02 DEBUG org.example.server.ResponseSender -  channel.send() completed to /127.0.0.1:55867
2026-05-19 08:48:02 INFO  org.example.server.ResponseSender -  Sent response to client
2026-05-19 08:48:02 INFO  org.example.server.ServerMain -  Sent response to client
2026-05-19 08:48:54 INFO  o.example.server.ConnectionReceiver -  Received command: replace_if_lower
2026-05-19 08:48:54 INFO  org.example.server.ServerMain -  Receiver request: replace_if_lower from client
2026-05-19 08:48:54 DEBUG org.example.server.ResponseSender -  SenderResponse() called
2026-05-19 08:48:54 DEBUG org.example.server.ResponseSender -  channel.send() completed to /127.0.0.1:55867
2026-05-19 08:48:54 INFO  org.example.server.ResponseSender -  Sent response to client
2026-05-19 08:48:54 INFO  org.example.server.ServerMain -  Sent response to client
2026-05-19 09:35:58 INFO  o.example.server.ConnectionReceiver -  Received command: replace_if_lower
2026-05-19 09:35:58 INFO  org.example.server.ServerMain -  Receiver request: replace_if_lower from client
2026-05-19 09:35:58 DEBUG org.example.server.ResponseSender -  SenderResponse() called
2026-05-19 09:35:58 DEBUG org.example.server.ResponseSender -  channel.send() completed to /127.0.0.1:55867
2026-05-19 09:35:58 INFO  org.example.server.ResponseSender -  Sent response to client
2026-05-19 09:35:58 INFO  org.example.server.ServerMain -  Sent response to client
2026-05-19 09:36:10 INFO  o.example.server.ConnectionReceiver -  Received command: replace_if_lower
2026-05-19 09:36:10 INFO  org.example.server.ServerMain -  Receiver request: replace_if_lower from client
2026-05-19 09:36:10 DEBUG org.example.server.ResponseSender -  SenderResponse() called
2026-05-19 09:36:10 DEBUG org.example.server.ResponseSender -  channel.send() completed to /127.0.0.1:55867
2026-05-19 09:36:10 INFO  org.example.server.ResponseSender -  Sent response to client
2026-05-19 09:36:10 INFO  org.example.server.ServerMain -  Sent response to client
2026-05-19 09:50:11 INFO  o.example.server.ConnectionReceiver -  Received command: remove_greater
2026-05-19 09:50:11 INFO  org.example.server.ServerMain -  Receiver request: remove_greater from client
2026-05-19 09:50:11 DEBUG org.example.server.ResponseSender -  SenderResponse() called
2026-05-19 09:50:11 DEBUG org.example.server.ResponseSender -  channel.send() completed to /127.0.0.1:55867
2026-05-19 09:50:11 INFO  org.example.server.ResponseSender -  Sent response to client
2026-05-19 09:50:11 INFO  org.example.server.ServerMain -  Sent response to client
2026-05-19 09:51:57 INFO  o.example.server.ConnectionReceiver -  Received command: show
2026-05-19 09:51:57 INFO  org.example.server.ServerMain -  Receiver request: show from client
2026-05-19 09:51:57 DEBUG org.example.server.ResponseSender -  SenderResponse() called
2026-05-19 09:51:57 DEBUG org.example.server.ResponseSender -  channel.send() completed to /127.0.0.1:55867
2026-05-19 09:51:57 INFO  org.example.server.ResponseSender -  Sent response to client
2026-05-19 09:51:57 INFO  org.example.server.ServerMain -  Sent response to client
2026-05-19 09:53:48 INFO  o.example.server.ConnectionReceiver -  Received command: remove_greater
2026-05-19 09:53:48 INFO  org.example.server.ServerMain -  Receiver request: remove_greater from client
2026-05-19 09:53:48 DEBUG org.example.server.ResponseSender -  SenderResponse() called
2026-05-19 09:53:48 DEBUG org.example.server.ResponseSender -  channel.send() completed to /127.0.0.1:55867
2026-05-19 09:53:48 INFO  org.example.server.ResponseSender -  Sent response to client
2026-05-19 09:53:48 INFO  org.example.server.ServerMain -  Sent response to client
2026-05-19 09:54:24 INFO  o.example.server.ConnectionReceiver -  Received command: remove_greater
2026-05-19 09:54:24 INFO  org.example.server.ServerMain -  Receiver request: remove_greater from client
2026-05-19 09:54:24 DEBUG org.example.server.ResponseSender -  SenderResponse() called
2026-05-19 09:54:24 DEBUG org.example.server.ResponseSender -  channel.send() completed to /127.0.0.1:55867
2026-05-19 09:54:24 INFO  org.example.server.ResponseSender -  Sent response to client
2026-05-19 09:54:24 INFO  org.example.server.ServerMain -  Sent response to client
2026-05-19 09:55:35 INFO  o.example.server.ConnectionReceiver -  Received command: count_greater_than_description
2026-05-19 09:55:35 INFO  org.example.server.ServerMain -  Receiver request: count_greater_than_description from client
2026-05-19 09:55:35 DEBUG org.example.server.ResponseSender -  SenderResponse() called
2026-05-19 09:55:35 DEBUG org.example.server.ResponseSender -  channel.send() completed to /127.0.0.1:55867
2026-05-19 09:55:35 INFO  org.example.server.ResponseSender -  Sent response to client
2026-05-19 09:55:35 INFO  org.example.server.ServerMain -  Sent response to client
2026-05-19 09:56:32 INFO  o.example.server.ConnectionReceiver -  Received command: filter_less_than_genre
2026-05-19 09:56:32 INFO  org.example.server.ServerMain -  Receiver request: filter_less_than_genre from client
2026-05-19 09:56:32 DEBUG org.example.server.ResponseSender -  SenderResponse() called
2026-05-19 09:56:32 DEBUG org.example.server.ResponseSender -  channel.send() completed to /127.0.0.1:55867
2026-05-19 09:56:32 INFO  org.example.server.ResponseSender -  Sent response to client
2026-05-19 09:56:32 INFO  org.example.server.ServerMain -  Sent response to client
2026-05-19 09:57:16 INFO  o.example.server.ConnectionReceiver -  Received command: print_field_descending_number_of_participants
2026-05-19 09:57:16 INFO  org.example.server.ServerMain -  Receiver request: print_field_descending_number_of_participants from client
2026-05-19 09:57:16 DEBUG org.example.server.ResponseSender -  SenderResponse() called
2026-05-19 09:57:16 DEBUG org.example.server.ResponseSender -  channel.send() completed to /127.0.0.1:55867
2026-05-19 09:57:16 INFO  org.example.server.ResponseSender -  Sent response to client
2026-05-19 09:57:16 INFO  org.example.server.ServerMain -  Sent response to client
2026-05-19 09:57:33 INFO  o.example.server.ConnectionReceiver -  Received command: clear
2026-05-19 09:57:33 INFO  org.example.server.ServerMain -  Receiver request: clear from client
2026-05-19 09:57:33 DEBUG org.example.server.ResponseSender -  SenderResponse() called
2026-05-19 09:57:33 DEBUG org.example.server.ResponseSender -  channel.send() completed to /127.0.0.1:55867
2026-05-19 09:57:33 INFO  org.example.server.ResponseSender -  Sent response to client
2026-05-19 09:57:33 INFO  org.example.server.ServerMain -  Sent response to client
2026-05-19 09:57:37 INFO  o.example.server.ConnectionReceiver -  Received command: show
2026-05-19 09:57:37 INFO  org.example.server.ServerMain -  Receiver request: show from client
2026-05-19 09:57:37 DEBUG org.example.server.ResponseSender -  SenderResponse() called
2026-05-19 09:57:37 DEBUG org.example.server.ResponseSender -  channel.send() completed to /127.0.0.1:55867
2026-05-19 09:57:37 INFO  org.example.server.ResponseSender -  Sent response to client
2026-05-19 09:57:37 INFO  org.example.server.ServerMain -  Sent response to client
2026-05-19 10:11:14 INFO  org.example.server.ServerMain -  Music Band Server Starting...
2026-05-19 10:11:14 INFO  org.example.server.ServerMain - Port: 12345
2026-05-19 10:11:14 INFO  org.example.server.ServerMain - Data File: bands.json
2026-05-19 10:11:14 INFO  org.example.server.ServerMain - Mode: Single-thread, UDP, Non-blocking
2026-05-19 10:11:14 INFO  o.example.server.ConnectionReceiver -  Connection Receiver listening on port 12345
2026-05-19 10:11:14 INFO  org.example.server.ServerMain -  Server Ready! Waiting for client connections...
2026-05-19 10:14:31 INFO  o.example.server.ConnectionReceiver -  Received command: insert
2026-05-19 10:14:31 INFO  org.example.server.ServerMain -  Receiver request: insert from client
2026-05-19 10:14:31 DEBUG org.example.server.ResponseSender -  SenderResponse() called
2026-05-19 10:14:31 DEBUG org.example.server.ResponseSender -  channel.send() completed to /127.0.0.1:53373
2026-05-19 10:14:31 INFO  org.example.server.ResponseSender -  Sent response to client
2026-05-19 10:14:31 INFO  org.example.server.ServerMain -  Sent response to client
2026-05-19 10:14:44 INFO  o.example.server.ConnectionReceiver -  Received command: save
2026-05-19 10:14:44 INFO  org.example.server.ServerMain -  Receiver request: save from client
2026-05-19 10:14:44 INFO  org.example.server.JsonFileHandler -  Collection saved to: bands.json
2026-05-19 10:14:44 DEBUG org.example.server.ResponseSender -  SenderResponse() called
2026-05-19 10:14:44 DEBUG org.example.server.ResponseSender -  channel.send() completed to /127.0.0.1:53373
2026-05-19 10:14:44 INFO  org.example.server.ResponseSender -  Sent response to client
2026-05-19 10:14:44 INFO  org.example.server.ServerMain -  Sent response to client
2026-05-19 10:14:44 INFO  org.example.server.ServerMain -  Collection saved to: bands.json
2026-05-19 10:15:19 INFO  org.example.server.ServerMain -  Music Band Server Starting...
2026-05-19 10:15:19 INFO  org.example.server.ServerMain - Port: 12345
2026-05-19 10:15:19 INFO  org.example.server.ServerMain - Data File: bands.json
2026-05-19 10:15:19 INFO  org.example.server.ServerMain - Mode: Single-thread, UDP, Non-blocking
2026-05-19 10:15:19 INFO  o.example.server.ConnectionReceiver -  Connection Receiver listening on port 12345
2026-05-19 10:15:19 INFO  org.example.server.ServerMain -  Server Ready! Waiting for client connections...
2026-05-19 10:23:49 INFO  org.example.server.ServerMain -  Music Band Server Starting...
2026-05-19 10:23:49 INFO  org.example.server.ServerMain - Port: 12345
2026-05-19 10:23:49 INFO  org.example.server.ServerMain - Data File: bands.json
2026-05-19 10:23:49 INFO  org.example.server.ServerMain - Mode: Single-thread, UDP, Non-blocking
2026-05-19 10:23:49 ERROR org.example.server.ServerMain - ❌ Network Error: Address already in use: bind
java.net.BindException: Address already in use: bind
	at java.base/sun.nio.ch.Net.bind0(Native Method)
	at java.base/sun.nio.ch.Net.bind(Net.java:552)
	at java.base/sun.nio.ch.DatagramChannelImpl.bindInternal(DatagramChannelImpl.java:1189)
	at java.base/sun.nio.ch.DatagramChannelImpl.bind(DatagramChannelImpl.java:1160)
	at org.example.server.ConnectionReceiver.<init>(ConnectionReceiver.java:24)
	at org.example.server.ServerMain.main(ServerMain.java:29)
	at org.example.Main.main(Main.java:18)
2026-05-19 10:23:49 ERROR org.example.server.ServerMain -  Hint: Is Port 12345 already in use?
2026-05-19 10:23:49 INFO  org.example.server.ServerMain -  Saving collection before shutdown...
2026-05-19 10:23:49 INFO  org.example.server.JsonFileHandler -  Collection saved to: bands.json
2026-05-19 10:23:49 INFO  org.example.server.ServerMain -  Server terminated. Goodbye!
2026-05-19 10:24:07 INFO  org.example.server.ServerMain -  Music Band Server Starting...
2026-05-19 10:24:07 INFO  org.example.server.ServerMain - Port: 12345
2026-05-19 10:24:07 INFO  org.example.server.ServerMain - Data File: bands.json
2026-05-19 10:24:07 INFO  org.example.server.ServerMain - Mode: Single-thread, UDP, Non-blocking
2026-05-19 10:24:07 INFO  o.example.server.ConnectionReceiver -  Connection Receiver listening on port 12345
2026-05-19 10:24:07 INFO  org.example.server.ServerMain -  Server Ready! Waiting for client connections...
2026-05-19 10:24:54 INFO  o.example.server.ConnectionReceiver -  Received command: show
2026-05-19 10:24:54 INFO  org.example.server.ServerMain -  Receiver request: show from client
2026-05-19 10:24:54 DEBUG org.example.server.ResponseSender -  SenderResponse() called
2026-05-19 10:24:54 DEBUG org.example.server.ResponseSender -  channel.send() completed to /127.0.0.1:49218
2026-05-19 10:24:54 INFO  org.example.server.ResponseSender -  Sent response to client
2026-05-19 10:24:54 INFO  org.example.server.ServerMain -  Sent response to client
2026-05-19 10:24:57 INFO  o.example.server.ConnectionReceiver -  Received command: info
2026-05-19 10:24:57 INFO  org.example.server.ServerMain -  Receiver request: info from client
2026-05-19 10:24:57 DEBUG org.example.server.ResponseSender -  SenderResponse() called
2026-05-19 10:24:57 DEBUG org.example.server.ResponseSender -  channel.send() completed to /127.0.0.1:49218
2026-05-19 10:24:57 INFO  org.example.server.ResponseSender -  Sent response to client
2026-05-19 10:24:57 INFO  org.example.server.ServerMain -  Sent response to client
2026-05-19 10:25:11 INFO  o.example.server.ConnectionReceiver -  Received command: insert
2026-05-19 10:25:11 INFO  org.example.server.ServerMain -  Receiver request: insert from client
2026-05-19 10:25:11 DEBUG org.example.server.ResponseSender -  SenderResponse() called
2026-05-19 10:25:11 DEBUG org.example.server.ResponseSender -  channel.send() completed to /127.0.0.1:49218
2026-05-19 10:25:11 INFO  org.example.server.ResponseSender -  Sent response to client
2026-05-19 10:25:11 INFO  org.example.server.ServerMain -  Sent response to client
2026-05-19 10:25:17 INFO  o.example.server.ConnectionReceiver -  Received command: save
2026-05-19 10:25:17 INFO  org.example.server.ServerMain -  Receiver request: save from client
2026-05-19 10:25:17 INFO  org.example.server.JsonFileHandler -  Collection saved to: bands.json
2026-05-19 10:25:17 DEBUG org.example.server.ResponseSender -  SenderResponse() called
2026-05-19 10:25:17 DEBUG org.example.server.ResponseSender -  channel.send() completed to /127.0.0.1:49218
2026-05-19 10:25:17 INFO  org.example.server.ResponseSender -  Sent response to client
2026-05-19 10:25:17 INFO  org.example.server.ServerMain -  Sent response to client
2026-05-19 10:25:17 INFO  org.example.server.ServerMain -  Collection saved to: bands.json
2026-05-19 10:27:06 INFO  org.example.server.ServerMain -  Music Band Server Starting...
2026-05-19 10:27:06 INFO  org.example.server.ServerMain - Port: 12345
2026-05-19 10:27:06 INFO  org.example.server.ServerMain - Data File: bands.json
2026-05-19 10:27:06 INFO  org.example.server.ServerMain - Mode: Single-thread, UDP, Non-blocking
2026-05-19 10:27:06 INFO  o.example.server.ConnectionReceiver -  Connection Receiver listening on port 12345
2026-05-19 10:27:06 INFO  org.example.server.ServerMain -  Server Ready! Waiting for client connections...
2026-05-19 10:27:42 INFO  o.example.server.ConnectionReceiver -  Received command: show
2026-05-19 10:27:42 INFO  org.example.server.ServerMain -  Receiver request: show from client
2026-05-19 10:27:42 DEBUG org.example.server.ResponseSender -  SenderResponse() called
2026-05-19 10:27:42 DEBUG org.example.server.ResponseSender -  channel.send() completed to /127.0.0.1:56873
2026-05-19 10:27:42 INFO  org.example.server.ResponseSender -  Sent response to client
2026-05-19 10:27:42 INFO  org.example.server.ServerMain -  Sent response to client
2026-05-19 10:51:55 INFO  org.example.server.ServerMain -  Music Band Server Starting...
2026-05-19 10:51:55 INFO  org.example.server.ServerMain - Port: 12345
2026-05-19 10:51:55 INFO  org.example.server.ServerMain - Data File: bands.json
2026-05-19 10:51:55 INFO  org.example.server.ServerMain - Mode: Single-thread, UDP, Non-blocking
2026-05-19 10:51:55 INFO  o.example.server.ConnectionReceiver -  Connection Receiver listening on port 12345
2026-05-19 10:51:55 INFO  org.example.server.JsonFileHandler -  Loaded 1 bands from: bands.json
2026-05-19 10:51:55 INFO  o.example.server.CollectionManager -  Collection initialized with 1 elements
2026-05-19 10:51:55 INFO  org.example.server.ServerMain -  Server Ready! Waiting for client connections...
2026-05-19 10:52:21 INFO  o.example.server.ConnectionReceiver -  Received command: insert
2026-05-19 10:52:21 INFO  org.example.server.ServerMain -  Receiver request: insert from client
2026-05-19 10:52:21 DEBUG org.example.server.ResponseSender -  SenderResponse() called
2026-05-19 10:52:21 DEBUG org.example.server.ResponseSender -  channel.send() completed to /127.0.0.1:65033
2026-05-19 10:52:21 INFO  org.example.server.ResponseSender -  Sent response to client
2026-05-19 10:52:21 INFO  org.example.server.ServerMain -  Sent response to client
2026-05-19 10:52:53 INFO  o.example.server.ConnectionReceiver -  Received command: show
2026-05-19 10:52:53 INFO  org.example.server.ServerMain -  Receiver request: show from client
2026-05-19 10:52:53 DEBUG org.example.server.ResponseSender -  SenderResponse() called
2026-05-19 10:52:53 DEBUG org.example.server.ResponseSender -  channel.send() completed to /127.0.0.1:65033
2026-05-19 10:52:53 INFO  org.example.server.ResponseSender -  Sent response to client
2026-05-19 10:52:53 INFO  org.example.server.ServerMain -  Sent response to client
2026-05-19 10:55:54 INFO  o.example.server.ConnectionReceiver -  Received command: save
2026-05-19 10:55:54 INFO  org.example.server.ServerMain -  Receiver request: save from client
2026-05-19 10:55:54 INFO  org.example.server.JsonFileHandler -  Collection saved to: bands.json
2026-05-19 10:55:54 DEBUG org.example.server.ResponseSender -  SenderResponse() called
2026-05-19 10:55:54 DEBUG org.example.server.ResponseSender -  channel.send() completed to /127.0.0.1:65033
2026-05-19 10:55:54 INFO  org.example.server.ResponseSender -  Sent response to client
2026-05-19 10:55:54 INFO  org.example.server.ServerMain -  Sent response to client
2026-05-19 10:55:54 INFO  org.example.server.ServerMain -  Collection saved to: bands.json
2026-05-19 10:56:01 INFO  o.example.server.ConnectionReceiver -  Received command: info
2026-05-19 10:56:01 INFO  org.example.server.ServerMain -  Receiver request: info from client
2026-05-19 10:56:01 DEBUG org.example.server.ResponseSender -  SenderResponse() called
2026-05-19 10:56:01 DEBUG org.example.server.ResponseSender -  channel.send() completed to /127.0.0.1:65033
2026-05-19 10:56:01 INFO  org.example.server.ResponseSender -  Sent response to client
2026-05-19 10:56:01 INFO  org.example.server.ServerMain -  Sent response to client
2026-05-21 06:45:34 INFO  org.example.server.ServerMain -  Music Band Server Starting...
2026-05-21 06:45:34 INFO  org.example.server.ServerMain - Port: 12345
2026-05-21 06:45:34 INFO  org.example.server.ServerMain - Data File: bands.json
2026-05-21 06:45:34 INFO  org.example.server.ServerMain - Mode: Single-thread, UDP, Non-blocking
2026-05-21 06:45:34 ERROR org.example.server.ServerMain - ❌ Network Error: Address already in use: bind
java.net.BindException: Address already in use: bind
	at java.base/sun.nio.ch.Net.bind0(Native Method)
	at java.base/sun.nio.ch.Net.bind(Net.java:552)
	at java.base/sun.nio.ch.DatagramChannelImpl.bindInternal(DatagramChannelImpl.java:1189)
	at java.base/sun.nio.ch.DatagramChannelImpl.bind(DatagramChannelImpl.java:1160)
	at org.example.server.ConnectionReceiver.<init>(ConnectionReceiver.java:24)
	at org.example.server.ServerMain.main(ServerMain.java:29)
2026-05-21 06:45:34 ERROR org.example.server.ServerMain -  Hint: Is Port 12345 already in use?
2026-05-21 06:45:34 INFO  org.example.server.ServerMain -  Saving collection before shutdown...
2026-05-21 06:45:34 INFO  org.example.server.JsonFileHandler -  Collection saved to: bands.json
2026-05-21 06:45:34 INFO  org.example.server.ServerMain -  Server terminated. Goodbye!
2026-05-21 06:46:35 INFO  org.example.server.ServerMain -  Music Band Server Starting...
2026-05-21 06:46:35 INFO  org.example.server.ServerMain - Port: 12345
2026-05-21 06:46:35 INFO  org.example.server.ServerMain - Data File: bands.json
2026-05-21 06:46:35 INFO  org.example.server.ServerMain - Mode: Single-thread, UDP, Non-blocking
2026-05-21 06:46:35 ERROR org.example.server.ServerMain - ❌ Network Error: Address already in use: bind
java.net.BindException: Address already in use: bind
	at java.base/sun.nio.ch.Net.bind0(Native Method)
	at java.base/sun.nio.ch.Net.bind(Net.java:552)
	at java.base/sun.nio.ch.DatagramChannelImpl.bindInternal(DatagramChannelImpl.java:1189)
	at java.base/sun.nio.ch.DatagramChannelImpl.bind(DatagramChannelImpl.java:1160)
	at org.example.server.ConnectionReceiver.<init>(ConnectionReceiver.java:24)
	at org.example.server.ServerMain.main(ServerMain.java:29)
2026-05-21 06:46:35 ERROR org.example.server.ServerMain -  Hint: Is Port 12345 already in use?
2026-05-21 06:46:35 INFO  org.example.server.ServerMain -  Saving collection before shutdown...
2026-05-21 06:46:35 INFO  org.example.server.JsonFileHandler -  Collection saved to: bands.json
2026-05-21 06:46:35 INFO  org.example.server.ServerMain -  Server terminated. Goodbye!
2026-05-21 06:52:35 INFO  org.example.server.ServerMain -  Music Band Server Starting...
2026-05-21 06:52:35 INFO  org.example.server.ServerMain - Port: 12345
2026-05-21 06:52:35 INFO  org.example.server.ServerMain - Data File: bands.json
2026-05-21 06:52:35 INFO  org.example.server.ServerMain - Mode: Single-thread, UDP, Non-blocking
2026-05-21 06:52:35 INFO  o.example.server.ConnectionReceiver -  Connection Receiver listening on port 12345
2026-05-21 06:52:35 INFO  org.example.server.JsonFileHandler -  Loaded 0 bands from: bands.json
2026-05-21 06:52:35 INFO  o.example.server.CollectionManager -  Collection initialized with 0 elements
2026-05-21 06:52:35 INFO  org.example.server.ServerMain -  Server Ready! Waiting for client connections...
2026-05-21 06:52:57 INFO  o.example.server.ConnectionReceiver -  Received command: help
2026-05-21 06:52:57 INFO  org.example.server.ServerMain -  Receiver request: help from client
2026-05-21 06:52:57 DEBUG org.example.server.ResponseSender -  SenderResponse() called
2026-05-21 06:52:57 DEBUG org.example.server.ResponseSender -  channel.send() completed to /127.0.0.1:59129
2026-05-21 06:52:57 INFO  org.example.server.ResponseSender -  Sent response to client
2026-05-21 06:52:57 INFO  org.example.server.ServerMain -  Sent response to client
2026-05-21 06:53:06 INFO  o.example.server.ConnectionReceiver -  Received command: show
2026-05-21 06:53:06 INFO  org.example.server.ServerMain -  Receiver request: show from client
2026-05-21 06:53:06 DEBUG org.example.server.ResponseSender -  SenderResponse() called
2026-05-21 06:53:06 DEBUG org.example.server.ResponseSender -  channel.send() completed to /127.0.0.1:59129
2026-05-21 06:53:06 INFO  org.example.server.ResponseSender -  Sent response to client
2026-05-21 06:53:06 INFO  org.example.server.ServerMain -  Sent response to client
2026-05-21 06:53:12 INFO  o.example.server.ConnectionReceiver -  Received command: info
2026-05-21 06:53:12 INFO  org.example.server.ServerMain -  Receiver request: info from client
2026-05-21 06:53:12 DEBUG org.example.server.ResponseSender -  SenderResponse() called
2026-05-21 06:53:12 DEBUG org.example.server.ResponseSender -  channel.send() completed to /127.0.0.1:59129
2026-05-21 06:53:12 INFO  org.example.server.ResponseSender -  Sent response to client
2026-05-21 06:53:12 INFO  org.example.server.ServerMain -  Sent response to client
2026-05-21 06:58:12 INFO  o.example.server.ConnectionReceiver -  Received command: insert
2026-05-21 06:58:12 INFO  org.example.server.ServerMain -  Receiver request: insert from client
2026-05-21 06:58:12 DEBUG org.example.server.ResponseSender -  SenderResponse() called
2026-05-21 06:58:12 DEBUG org.example.server.ResponseSender -  channel.send() completed to /127.0.0.1:59129
2026-05-21 06:58:12 INFO  org.example.server.ResponseSender -  Sent response to client
2026-05-21 06:58:12 INFO  org.example.server.ServerMain -  Sent response to client
2026-05-21 07:04:34 INFO  o.example.server.ConnectionReceiver -  Received command: insert
2026-05-21 07:04:34 INFO  org.example.server.ServerMain -  Receiver request: insert from client
2026-05-21 07:04:34 DEBUG org.example.server.ResponseSender -  SenderResponse() called
2026-05-21 07:04:34 DEBUG org.example.server.ResponseSender -  channel.send() completed to /127.0.0.1:59129
2026-05-21 07:04:34 INFO  org.example.server.ResponseSender -  Sent response to client
2026-05-21 07:04:34 INFO  org.example.server.ServerMain -  Sent response to client
2026-05-21 07:05:43 INFO  o.example.server.ConnectionReceiver -  Received command: insert
2026-05-21 07:05:43 INFO  org.example.server.ServerMain -  Receiver request: insert from client
2026-05-21 07:05:43 DEBUG org.example.server.ResponseSender -  SenderResponse() called
2026-05-21 07:05:43 DEBUG org.example.server.ResponseSender -  channel.send() completed to /127.0.0.1:59129
2026-05-21 07:05:43 INFO  org.example.server.ResponseSender -  Sent response to client
2026-05-21 07:05:43 INFO  org.example.server.ServerMain -  Sent response to client
2026-05-21 07:11:53 INFO  org.example.server.ServerMain -  Music Band Server Starting...
2026-05-21 07:11:53 INFO  org.example.server.ServerMain - Port: 12345
2026-05-21 07:11:53 INFO  org.example.server.ServerMain - Data File: bands.json
2026-05-21 07:11:53 INFO  org.example.server.ServerMain - Mode: Single-thread, UDP, Non-blocking
2026-05-21 07:11:53 INFO  o.example.server.ConnectionReceiver -  Connection Receiver listening on port 12345
2026-05-21 07:11:53 INFO  org.example.server.JsonFileHandler -  Loaded 0 bands from: bands.json
2026-05-21 07:11:53 INFO  o.example.server.CollectionManager -  Collection initialized with 0 elements
2026-05-21 07:11:53 INFO  org.example.server.ServerMain -  Server Ready! Waiting for client connections...
2026-05-21 07:12:11 INFO  o.example.server.ConnectionReceiver -  Received command: help
2026-05-21 07:12:11 INFO  org.example.server.ServerMain -  Receiver request: help from client
2026-05-21 07:12:11 DEBUG org.example.server.ResponseSender -  SenderResponse() called
2026-05-21 07:12:11 DEBUG org.example.server.ResponseSender -  channel.send() completed to /127.0.0.1:54118
2026-05-21 07:12:11 INFO  org.example.server.ResponseSender -  Sent response to client
2026-05-21 07:12:11 INFO  org.example.server.ServerMain -  Sent response to client
2026-05-21 07:12:14 INFO  o.example.server.ConnectionReceiver -  Received command: show
2026-05-21 07:12:14 INFO  org.example.server.ServerMain -  Receiver request: show from client
2026-05-21 07:12:14 DEBUG org.example.server.ResponseSender -  SenderResponse() called
2026-05-21 07:12:14 DEBUG org.example.server.ResponseSender -  channel.send() completed to /127.0.0.1:54118
2026-05-21 07:12:14 INFO  org.example.server.ResponseSender -  Sent response to client
2026-05-21 07:12:14 INFO  org.example.server.ServerMain -  Sent response to client
2026-05-21 07:12:18 INFO  o.example.server.ConnectionReceiver -  Received command: info
2026-05-21 07:12:18 INFO  org.example.server.ServerMain -  Receiver request: info from client
2026-05-21 07:12:18 DEBUG org.example.server.ResponseSender -  SenderResponse() called
2026-05-21 07:12:18 DEBUG org.example.server.ResponseSender -  channel.send() completed to /127.0.0.1:54118
2026-05-21 07:12:18 INFO  org.example.server.ResponseSender -  Sent response to client
2026-05-21 07:12:18 INFO  org.example.server.ServerMain -  Sent response to client
2026-05-21 09:07:51 INFO  o.example.server.ConnectionReceiver -  Received command: insert
2026-05-21 09:07:51 INFO  org.example.server.ServerMain -  Receiver request: insert from client
2026-05-21 09:07:51 DEBUG org.example.server.ResponseSender -  SenderResponse() called
2026-05-21 09:07:51 DEBUG org.example.server.ResponseSender -  channel.send() completed to /127.0.0.1:54118
2026-05-21 09:07:51 INFO  org.example.server.ResponseSender -  Sent response to client
2026-05-21 09:07:51 INFO  org.example.server.ServerMain -  Sent response to client
2026-05-21 09:09:57 INFO  o.example.server.ConnectionReceiver -  Received command: insert
2026-05-21 09:09:57 INFO  org.example.server.ServerMain -  Receiver request: insert from client
2026-05-21 09:09:57 DEBUG org.example.server.ResponseSender -  SenderResponse() called
2026-05-21 09:09:57 DEBUG org.example.server.ResponseSender -  channel.send() completed to /127.0.0.1:54118
2026-05-21 09:09:57 INFO  org.example.server.ResponseSender -  Sent response to client
2026-05-21 09:09:57 INFO  org.example.server.ServerMain -  Sent response to client
2026-05-21 09:10:51 INFO  o.example.server.ConnectionReceiver -  Received command: insert
2026-05-21 09:10:51 INFO  org.example.server.ServerMain -  Receiver request: insert from client
2026-05-21 09:10:51 DEBUG org.example.server.ResponseSender -  SenderResponse() called
2026-05-21 09:10:51 DEBUG org.example.server.ResponseSender -  channel.send() completed to /127.0.0.1:54118
2026-05-21 09:10:51 INFO  org.example.server.ResponseSender -  Sent response to client
2026-05-21 09:10:51 INFO  org.example.server.ServerMain -  Sent response to client
2026-05-21 09:10:57 INFO  o.example.server.ConnectionReceiver -  Received command: show
2026-05-21 09:10:57 INFO  org.example.server.ServerMain -  Receiver request: show from client
2026-05-21 09:10:57 DEBUG org.example.server.ResponseSender -  SenderResponse() called
2026-05-21 09:10:57 DEBUG org.example.server.ResponseSender -  channel.send() completed to /127.0.0.1:54118
2026-05-21 09:10:57 INFO  org.example.server.ResponseSender -  Sent response to client
2026-05-21 09:10:57 INFO  org.example.server.ServerMain -  Sent response to client
2026-05-21 10:32:58 INFO  org.example.server.ServerMain -  Music Band Server Starting...
2026-05-21 10:32:58 INFO  org.example.server.ServerMain - Port: 12345
2026-05-21 10:32:58 INFO  org.example.server.ServerMain - Data File: bands.json
2026-05-21 10:32:58 INFO  org.example.server.ServerMain - Mode: Single-thread, UDP, Non-blocking
2026-05-21 10:32:58 INFO  o.example.server.ConnectionReceiver -  Connection Receiver listening on port 12345
2026-05-21 10:32:58 INFO  org.example.server.JsonFileHandler -  Loaded 0 bands from: bands.json
2026-05-21 10:32:58 INFO  o.example.server.CollectionManager -  Collection initialized with 0 elements
2026-05-21 10:32:58 INFO  org.example.server.ServerMain -  Server Ready! Waiting for client connections...
2026-05-21 10:42:37 INFO  o.example.server.ConnectionReceiver -  Received command: insert
2026-05-21 10:42:37 INFO  org.example.server.ServerMain -  Receiver request: insert from client
2026-05-21 10:42:37 DEBUG org.example.server.ResponseSender -  SenderResponse() called
2026-05-21 10:42:37 DEBUG org.example.server.ResponseSender -  channel.send() completed to /127.0.0.1:50628
2026-05-21 10:42:37 INFO  org.example.server.ResponseSender -  Sent response to client
2026-05-21 10:42:37 INFO  org.example.server.ServerMain -  Sent response to client
2026-05-21 10:44:01 INFO  o.example.server.ConnectionReceiver -  Received command: insert
2026-05-21 10:44:01 INFO  org.example.server.ServerMain -  Receiver request: insert from client
2026-05-21 10:44:01 DEBUG org.example.server.ResponseSender -  SenderResponse() called
2026-05-21 10:44:01 DEBUG org.example.server.ResponseSender -  channel.send() completed to /127.0.0.1:50628
2026-05-21 10:44:01 INFO  org.example.server.ResponseSender -  Sent response to client
2026-05-21 10:44:01 INFO  org.example.server.ServerMain -  Sent response to client
2026-05-21 10:46:20 INFO  o.example.server.ConnectionReceiver -  Received command: insert
2026-05-21 10:46:20 INFO  org.example.server.ServerMain -  Receiver request: insert from client
2026-05-21 10:46:20 DEBUG org.example.server.ResponseSender -  SenderResponse() called
2026-05-21 10:46:20 DEBUG org.example.server.ResponseSender -  channel.send() completed to /127.0.0.1:50628
2026-05-21 10:46:20 INFO  org.example.server.ResponseSender -  Sent response to client
2026-05-21 10:46:20 INFO  org.example.server.ServerMain -  Sent response to client
2026-05-21 10:46:47 INFO  o.example.server.ConnectionReceiver -  Received command: insert
2026-05-21 10:46:48 INFO  org.example.server.ServerMain -  Receiver request: insert from client
2026-05-21 10:46:48 DEBUG org.example.server.ResponseSender -  SenderResponse() called
2026-05-21 10:46:48 DEBUG org.example.server.ResponseSender -  channel.send() completed to /127.0.0.1:50628
2026-05-21 10:46:48 INFO  org.example.server.ResponseSender -  Sent response to client
2026-05-21 10:46:48 INFO  org.example.server.ServerMain -  Sent response to client
2026-05-21 10:58:28 INFO  o.example.server.ConnectionReceiver -  Received command: insert
2026-05-21 10:58:29 INFO  org.example.server.ServerMain -  Receiver request: insert from client
2026-05-21 10:58:29 DEBUG org.example.server.ResponseSender -  SenderResponse() called
2026-05-21 10:58:29 DEBUG org.example.server.ResponseSender -  channel.send() completed to /127.0.0.1:50628
2026-05-21 10:58:29 INFO  org.example.server.ResponseSender -  Sent response to client
2026-05-21 10:58:29 INFO  org.example.server.ServerMain -  Sent response to client
2026-05-21 10:59:50 INFO  o.example.server.ConnectionReceiver -  Received command: replace_if_lower
2026-05-21 10:59:50 INFO  org.example.server.ServerMain -  Receiver request: replace_if_lower from client
2026-05-21 10:59:50 DEBUG org.example.server.ResponseSender -  SenderResponse() called
2026-05-21 10:59:50 DEBUG org.example.server.ResponseSender -  channel.send() completed to /127.0.0.1:50628
2026-05-21 10:59:50 INFO  org.example.server.ResponseSender -  Sent response to client
2026-05-21 10:59:50 INFO  org.example.server.ServerMain -  Sent response to client
2026-05-21 11:01:33 INFO  o.example.server.ConnectionReceiver -  Received command: insert
2026-05-21 11:01:33 INFO  org.example.server.ServerMain -  Receiver request: insert from client
2026-05-21 11:01:33 DEBUG org.example.server.ResponseSender -  SenderResponse() called
2026-05-21 11:01:33 DEBUG org.example.server.ResponseSender -  channel.send() completed to /127.0.0.1:50628
2026-05-21 11:01:33 INFO  org.example.server.ResponseSender -  Sent response to client
2026-05-21 11:01:33 INFO  org.example.server.ServerMain -  Sent response to client
2026-05-21 11:02:27 INFO  o.example.server.ConnectionReceiver -  Received command: update
2026-05-21 11:02:27 INFO  org.example.server.ServerMain -  Receiver request: update from client
2026-05-21 11:02:27 DEBUG org.example.server.ResponseSender -  SenderResponse() called
2026-05-21 11:02:27 DEBUG org.example.server.ResponseSender -  channel.send() completed to /127.0.0.1:50628
2026-05-21 11:02:27 INFO  org.example.server.ResponseSender -  Sent response to client
2026-05-21 11:02:27 INFO  org.example.server.ServerMain -  Sent response to client
2026-05-21 11:02:57 INFO  o.example.server.ConnectionReceiver -  Received command: remove_key
2026-05-21 11:02:57 INFO  org.example.server.ServerMain -  Receiver request: remove_key from client
2026-05-21 11:02:57 DEBUG org.example.server.ResponseSender -  SenderResponse() called
2026-05-21 11:02:57 DEBUG org.example.server.ResponseSender -  channel.send() completed to /127.0.0.1:50628
2026-05-21 11:02:57 INFO  org.example.server.ResponseSender -  Sent response to client
2026-05-21 11:02:57 INFO  org.example.server.ServerMain -  Sent response to client
2026-05-21 11:03:34 INFO  o.example.server.ConnectionReceiver -  Received command: filter_less_than_genre
2026-05-21 11:03:34 INFO  org.example.server.ServerMain -  Receiver request: filter_less_than_genre from client
2026-05-21 11:03:34 DEBUG org.example.server.ResponseSender -  SenderResponse() called
2026-05-21 11:03:34 DEBUG org.example.server.ResponseSender -  channel.send() completed to /127.0.0.1:50628
2026-05-21 11:03:34 INFO  org.example.server.ResponseSender -  Sent response to client
2026-05-21 11:03:34 INFO  org.example.server.ServerMain -  Sent response to client
2026-05-21 11:04:33 INFO  o.example.server.ConnectionReceiver -  Received command: show
2026-05-21 11:04:33 INFO  org.example.server.ServerMain -  Receiver request: show from client
2026-05-21 11:04:33 DEBUG org.example.server.ResponseSender -  SenderResponse() called
2026-05-21 11:04:33 DEBUG org.example.server.ResponseSender -  channel.send() completed to /127.0.0.1:50628
2026-05-21 11:04:33 INFO  org.example.server.ResponseSender -  Sent response to client
2026-05-21 11:04:33 INFO  org.example.server.ServerMain -  Sent response to client
2026-05-21 11:04:52 INFO  o.example.server.ConnectionReceiver -  Received command: save
2026-05-21 11:04:52 INFO  org.example.server.ServerMain -  Receiver request: save from client
2026-05-21 11:04:52 INFO  org.example.server.JsonFileHandler -  Collection saved to: bands.json
2026-05-21 11:04:52 DEBUG org.example.server.ResponseSender -  SenderResponse() called
2026-05-21 11:04:52 DEBUG org.example.server.ResponseSender -  channel.send() completed to /127.0.0.1:50628
2026-05-21 11:04:52 INFO  org.example.server.ResponseSender -  Sent response to client
2026-05-21 11:04:52 INFO  org.example.server.ServerMain -  Sent response to client
2026-05-21 11:04:52 INFO  org.example.server.ServerMain -  Collection saved to: bands.json
